../Core/Src/main.c:82:19:uart6_start_receive_char_it	8	static
../Core/Src/main.c:87:5:uart6_try_get_receive_char	16	static
../Core/Src/main.c:95:19:uart6_transmit_it	16	static
../Core/Src/main.c:101:6:HAL_UART_RxCpltCallback	16	static
../Core/Src/main.c:108:6:HAL_UART_TxCpltCallback	16	static
../Core/Src/main.c:115:5:error_check	8	static
../Core/Src/main.c:127:7:convert_char_to_short	16	static
../Core/Src/main.c:131:5:is_operator_sign	16	static
../Core/Src/main.c:135:5:is_equal_sign	16	static
../Core/Src/main.c:139:6:process_input	8	static
../Core/Src/main.c:181:6:switch_mode	8	static
../Core/Src/main.c:188:6:process_operator_sign	16	static
../Core/Src/main.c:193:6:process_result	16	static
../Core/Src/main.c:212:6:reset_equation	4	static
../Core/Src/main.c:220:6:increase_number	24	static
../Core/Src/main.c:226:6:print_char	16	static
../Core/Src/main.c:234:6:print_result	40	static
../Core/Src/main.c:240:6:print_string	16	static
../Core/Src/main.c:248:6:print_error	8	static
../Core/Src/main.c:254:6:print_newline	8	static
../Core/Src/main.c:258:6:receive_input	8	static
../Core/Src/main.c:262:5:input_received	4	static
../Core/Src/main.c:266:5:get_press	4	static
../Core/Src/main.c:270:6:receive_button_state	16	static
../Core/Src/main.c:289:5:main	32	static
../Core/Src/main.c:357:6:SystemClock_Config	88	static
../Core/Src/main.c:402:6:Error_Handler	4	static,ignoring_inline_asm
